// Jest Snapshot v1, https://goo.gl/fbAQLP

exports[`Component.Lightsaber() should render component 1`] = `
<div
  className="lightsaber-component"
>
  <input
    checked={false}
    id="1"
    onClick={[Function]}
    type="checkbox"
  />
  <label
    className="lightsaber-component__controller"
    htmlFor="1"
  >
    <span
      className="lightsaber-component__switch"
    >
      ¦¦¦¦
    </span>
  </label>
  <span
    className="lightsaber-component__blade justice"
  />
</div>
`;
